// Jest Snapshot v1, https://goo.gl/fbAQLP

exports[`Pruebas en <FirstApp /> Debe hacer match con el snapshot 1`] = `
<div>
  <h1>
    Hola, soy Vegeta
  </h1>
  <p>
    9
  </p>
  <p>
    Soy un subt√≠tulo: 
    1
  </p>
</div>
`;
